
> dev
> nuxt dev --host 0.0.0.0

|
•  [32mNuxt [1m3.21.6[22m[39m[90m (with [39m[90mNitro [1m2.13.4[22m[39m[90m, Vite [1m7.3.5[22m[39m[90m and Vue [1m3.5.35[22m[39m[90m)[39m

 
              █▀▀▀▀▀▀▀█▀████▀█▀██▀▀▀▀▀▀▀█
              █ █▀▀▀█ █ ▀█▄ ██▀██ █▀▀▀█ █
              █ █   █ █▄  █ ▄█ ██ █   █ █
              █ ▀▀▀▀▀ █ ▄ █▀█ █▀█ ▀▀▀▀▀ █
              █▀▀██▀▀▀███ ▄▀█▀▀███▀█▀▀▀▀█
              █▄▄▄█  ▀▄▀▀▀██ █ ▀█▀▄▄ ▀▄██
              █▄███ █▀ █▄█▀▄█ ▄ ▄ ██▀  ▀█
              █▄▄ ▄█ ▀▄▀▄ ▀ ▄█ █ █ ▄▀▀▄██
              █▀▀▄ ▀ ▀▀  ▄▄▀█▀█ ▀▀▀▀  ▄██
              █▀▀▀▀▀▀▀█▄▄▀██▄█▄ █▀█ ▀▄███
              █ █▀▀▀█ █ ██▀ █▀▄ ▀▀▀ ▄ ▄██
              █ █   █ ██▄▀▀ ▄██▄█ ██▄▄ ▄█
              █ ▀▀▀▀▀ █ ▄▀▀ █▀▄███▄▄▄  ▀█
              ▀▀▀▀▀▀▀▀▀▀▀▀▀▀▀▀▀▀▀▀▀▀▀▀▀▀▀
 
[32m  ➜ Local:   [39m [36m[4mhttp://0.0.0.0:[1m3000[22m/[24m[39m
[35m  ➜ Network: [39m [36m[4mhttp://10.16.30.46:[1m3000[22m/[24m[39m[90m [QR code][39m
[35m  ➜ Network: [39m [36m[4mhttp://192.168.100.1:[1m3000[22m/[24m[39m
[35m  ➜ Network: [39m [36m[4mhttp://192.168.152.1:[1m3000[22m/[24m[39m
[35m  ➜ Network: [39m [36m[4mhttp://26.44.48.18:[1m3000[22m/[24m[39m

[33m  ➜ DevTools: [39m[2mpress [22m[32mShift[39m[2m + [22m[32mAlt[39m[2m + [22m[32mD[39m[2m in the browser (v3.2.4)[22m

[32m√[39m Vite client built in 61ms
[32m√[39m Vite server built in 670ms
[90m[[90mnitro[90m][39m [32m√[39m Nuxt Nitro server built in 2292ms
[36mi[39m Vite server warmed up in 2ms
[36mi[39m Vite client warmed up in 5ms
[36mi[39m [32mhmr update [39m[2m/pages/debate/[id].vue?macro=true, /@id/virtual:nuxt:E%3A%2Fdeeplearning%2Fai%E8%BE%A9%E8%AE%BA%E5%B9%B3%E5%8F%B0%2Ffrontend%2F.nuxt%2Froutes.mjs[22m
[36mi[39m [32mhmr update [39m[2m/pages/debate/[id].vue, /pages/debate/[id].vue?macro=true, /@id/virtual:nuxt:E%3A%2Fdeeplearning%2Fai%E8%BE%A9%E8%AE%BA%E5%B9%B3%E5%8F%B0%2Ffrontend%2F.nuxt%2Froutes.mjs[22m
[36mi[39m [32mhmr update [39m[2m/pages/debate/[id].vue?macro=true, /@id/virtual:nuxt:E%3A%2Fdeeplearning%2Fai%E8%BE%A9%E8%AE%BA%E5%B9%B3%E5%8F%B0%2Ffrontend%2F.nuxt%2Froutes.mjs[22m
[36mi[39m [32mhmr update [39m[2m/pages/debate/[id].vue?vue&type=style&index=0&scoped=006ed57a&lang.css, /pages/debate/[id].vue?macro=true, /@id/virtual:nuxt:E%3A%2Fdeeplearning%2Fai%E8%BE%A9%E8%AE%BA%E5%B9%B3%E5%8F%B0%2Ffrontend%2F.nuxt%2Froutes.mjs[22m
[32m√[39m Vite server hmr 10 files in 34.964ms
[36mi[39m [32mpage reload [39m[2mapp.vue[22m
[36mi[39m [32mhmr update [39m[2m/app.vue[22m
[36mi[39m [32mhmr update [39m[2m/@id/virtual:nuxt:E%3A%2Fdeeplearning%2Fai%E8%BE%A9%E8%AE%BA%E5%B9%B3%E5%8F%B0%2Ffrontend%2F.nuxt%2Froutes.mjs[22m
[36mi[39m [32mhmr update [39m[2m/@id/virtual:nuxt:E%3A%2Fdeeplearning%2Fai%E8%BE%A9%E8%AE%BA%E5%B9%B3%E5%8F%B0%2Ffrontend%2F.nuxt%2Froutes.mjs[22m[2m (x2)[22m
[36mi[39m [32mhmr update [39m[2m/pages/index.vue, /pages/index.vue?macro=true, /@id/virtual:nuxt:E%3A%2Fdeeplearning%2Fai%E8%BE%A9%E8%AE%BA%E5%B9%B3%E5%8F%B0%2Ffrontend%2F.nuxt%2Froutes.mjs[22m
[36mi[39m [32mhmr update [39m[2m/@id/virtual:nuxt:E%3A%2Fdeeplearning%2Fai%E8%BE%A9%E8%AE%BA%E5%B9%B3%E5%8F%B0%2Ffrontend%2F.nuxt%2Froutes.mjs, /pages/index.vue?macro=true[22m
[32m√[39m Vite server hmr 15 files in 61.977ms
[36mi[39m [32mpage reload [39m[2mapp.vue[22m
[36mi[39m [32mhmr update [39m[2m/app.vue[22m
[36mi[39m [32mhmr update [39m[2m/@id/virtual:nuxt:E%3A%2Fdeeplearning%2Fai%E8%BE%A9%E8%AE%BA%E5%B9%B3%E5%8F%B0%2Ffrontend%2F.nuxt%2Froutes.mjs[22m
[36mi[39m [32mhmr update [39m[2m/@id/virtual:nuxt:E%3A%2Fdeeplearning%2Fai%E8%BE%A9%E8%AE%BA%E5%B9%B3%E5%8F%B0%2Ffrontend%2F.nuxt%2Froutes.mjs[22m[2m (x2)[22m
[32m√[39m Vite server hmr 12 files in 53.591ms
[36mi[39m [32mhmr update [39m[2m/pages/debate/[id].vue, /pages/debate/[id].vue?direct&vue&type=style&index=0&scoped=006ed57a&lang.css, /pages/debate/[id].vue?macro=true, /@id/virtual:nuxt:E%3A%2Fdeeplearning%2Fai%E8%BE%A9%E8%AE%BA%E5%B9%B3%E5%8F%B0%2Ffrontend%2F.nuxt%2Froutes.mjs[22m
[36mi[39m [32mhmr update [39m[2m/@id/virtual:nuxt:E%3A%2Fdeeplearning%2Fai%E8%BE%A9%E8%AE%BA%E5%B9%B3%E5%8F%B0%2Ffrontend%2F.nuxt%2Froutes.mjs, /pages/debate/[id].vue?macro=true[22m
[36mi[39m [32mhmr update [39m[2m/stores/auth.store.ts[22m
[36mi[39m [32mhmr update [39m[2m/stores/auth.store.ts[22m[2m (x2)[22m
[36mi[39m [32mhmr update [39m[2m/pages/me.vue?macro=true, /@id/virtual:nuxt:E%3A%2Fdeeplearning%2Fai%E8%BE%A9%E8%AE%BA%E5%B9%B3%E5%8F%B0%2Ffrontend%2F.nuxt%2Froutes.mjs[22m
[36mi[39m [32mhmr update [39m[2m/pages/me.vue, /pages/me.vue?vue&type=style&index=0&scoped=ed330bd4&lang.css, /pages/me.vue?macro=true, /@id/virtual:nuxt:E%3A%2Fdeeplearning%2Fai%E8%BE%A9%E8%AE%BA%E5%B9%B3%E5%8F%B0%2Ffrontend%2F.nuxt%2Froutes.mjs[22m
